Copyright 1986-2016 Xilinx, Inc. All Rights Reserved.
-----------------------------------------------------------------------------------------
| Tool Version      : Vivado v.2016.2 (win64) Build 1577090 Thu Jun  2 16:32:40 MDT 2016
| Date              : Sat Apr 14 21:35:53 2018
| Host              : DESKTOP-1AKSB4I running 64-bit major release  (build 9200)
| Command           : report_clock_utilization -file top_clock_utilization_routed.rpt
| Design            : top
| Device            : 7k325t-ffg676
| Speed File        : -2L  PRODUCTION 1.12 2014-09-11
| Temperature Grade : E
-----------------------------------------------------------------------------------------

Clock Utilization Report

Table of Contents
-----------------
1. Clock Primitive Utilization
2. Global Clock Resources
3. Global Clock Source Details
4. Local Clock Details
5. Clock Regions: Key Resource Utilization
6. Clock Regions : Global Clock Summary
7. Cell Type Counts per Global Clock: Region X0Y0
8. Cell Type Counts per Global Clock: Region X1Y0
9. Cell Type Counts per Global Clock: Region X0Y1
10. Cell Type Counts per Global Clock: Region X1Y1
11. Cell Type Counts per Global Clock: Region X1Y3
12. Load Cell Placement Summary for Global Clock g0
13. Load Cell Placement Summary for Global Clock g1
14. Load Cell Placement Summary for Global Clock g2
15. Load Cell Placement Summary for Global Clock g3
16. Load Cell Placement Summary for Global Clock g4
17. Load Cell Placement Summary for Global Clock g5
18. Load Cell Placement Summary for Global Clock g6
19. Load Cell Placement Summary for Global Clock g7

1. Clock Primitive Utilization
------------------------------

+----------+------+-----------+-----+--------------+--------+
| Type     | Used | Available | LOC | Clock Region | Pblock |
+----------+------+-----------+-----+--------------+--------+
| BUFGCTRL |    8 |        32 |   0 |            0 |      0 |
| BUFH     |    0 |       168 |   0 |            0 |      0 |
| BUFIO    |    0 |        40 |   0 |            0 |      0 |
| BUFMR    |    0 |        20 |   0 |            0 |      0 |
| BUFR     |    0 |        40 |   0 |            0 |      0 |
| MMCM     |    0 |        10 |   0 |            0 |      0 |
| PLL      |    0 |        10 |   0 |            0 |      0 |
+----------+------+-----------+-----+--------------+--------+


2. Global Clock Resources
-------------------------

+-------+-------+-----------------+------------+---------------+--------------+------+-------------------+---------------+-------------+-----------------+--------------+-------+------------------------+--------------------------+
| GlbID | SrcId | Driver Type/Pin | Constraint | Site          | Clock Region | Root | Clock Delay Group | Clock Regions | Clock Loads | Non-Clock Loads | Clock Period | Clock | Driver Pin             | Net                      |
+-------+-------+-----------------+------------+---------------+--------------+------+-------------------+---------------+-------------+-----------------+--------------+-------+------------------------+--------------------------+
| g0    | src0  | BUFG/O          | None       | BUFGCTRL_X0Y1 | n/a          |      |                   |             2 |        1125 |               0 |              |       | Clk_CPU_BUFG_inst/O    | Clk_CPU_BUFG             |
| g1    | src1  | BUFG/O          | None       | BUFGCTRL_X0Y2 | n/a          |      |                   |             5 |         142 |               0 |              |       | clk_100mhz_BUFG_inst/O | clk_100mhz_BUFG          |
| g2    | src2  | BUFG/O          | None       | BUFGCTRL_X0Y3 | n/a          |      |                   |             2 |         123 |               1 |              |       | IO_clk_BUFG_inst/O     | IO_clk_BUFG              |
| g3    | src3  | BUFG/O          | None       | BUFGCTRL_X0Y0 | n/a          |      |                   |             2 |          65 |               1 |              |       | U6/M2/sh_clk_BUFG/O    | U6/M2/sclk               |
| g4    | src4  | BUFG/O          | None       | BUFGCTRL_X0Y4 | n/a          |      |                   |             1 |          62 |               0 |              |       | fifo_reg_0_7_0_5_i_1/O | fifo_reg_0_7_0_5_i_1_n_0 |
| g5    | src5  | BUFG/O          | None       | BUFGCTRL_X0Y5 | n/a          |      |                   |             1 |          35 |               0 |              |       | U9/clk1_BUFG/O         | U9/clk1_BUFG             |
| g6    | src6  | BUFG/O          | None       | BUFGCTRL_X0Y6 | n/a          |      |                   |             1 |          34 |               0 |              |       | counter0_reg[0]_i_3/O  | counter0_reg[0]_i_3_n_0  |
| g7    | src7  | BUFG/O          | None       | BUFGCTRL_X0Y7 | n/a          |      |                   |             1 |           1 |               0 |              |       | clk_200mhz_BUFG_inst/O | clk_200mhz_BUFG          |
+-------+-------+-----------------+------------+---------------+--------------+------+-------------------+---------------+-------------+-----------------+--------------+-------+------------------------+--------------------------+
* Note: Multiple constraint types applied to the driver. Please check for potential conflicts.


3. Global Clock Source Details
------------------------------

+-------+--------+-----------------+------------+---------------+--------------+-------------+-----------------+---------------------+--------------+----------------------------+--------------------+
| SrcID | GlbIDs | Driver Type/Pin | Constraint | Site          | Clock Region | Clock Loads | Non-Clock Loads | Source Clock Period | Source Clock | Driver Pin                 | Net                |
+-------+--------+-----------------+------------+---------------+--------------+-------------+-----------------+---------------------+--------------+----------------------------+--------------------+
| src0  | g0     | LUT3/O          | None       | SLICE_X35Y45  | X0Y0         |           0 |               1 |                     |              | U8/Clk_CPU_BUFG_inst_i_1/O | U8/Clk_CPU         |
| src1  | g1     | FDCE/Q          | None       | SLICE_X80Y195 | X1Y3         |           0 |               2 |                     |              | U8/div_reg/Q               | U8/clk_100mhz      |
| src2  | g2     | LUT3/O          | None       | SLICE_X35Y45  | X0Y0         |           0 |               1 |                     |              | U8/IO_clk_BUFG_inst_i_1/O  | U8/IO_clk          |
| src3  | g3     | FDCE/Q          | None       | SLICE_X50Y94  | X0Y1         |           0 |               1 |                     |              | U6/M2/sh_clk/Q             | U6/M2/sh_clk       |
| src4  | g4     | FDCE/Q          | None       | SLICE_X20Y34  | X0Y0         |           0 |               5 |                     |              | U8/clkdiv_reg[1]/Q         | U8/buffer_reg[9]   |
| src5  | g5     | FDRE/Q          | None       | SLICE_X80Y196 | X1Y3         |           0 |               2 |                     |              | U9/clk1/Q                  | U9/clk1            |
| src6  | g6     | FDCE/Q          | None       | SLICE_X20Y36  | X0Y0         |           0 |               3 |                     |              | U8/clkdiv_reg[8]/Q         | U8/counter0_reg[0] |
| src7  | g7     | IBUFDS/O        | IOB_X1Y24  | IOB_X1Y24     | X1Y0         |           0 |               1 |                     |              | U0/IBUFGDS_inst/O          | U0/clk_200mhz      |
+-------+--------+-----------------+------------+---------------+--------------+-------------+-----------------+---------------------+--------------+----------------------------+--------------------+
* Note: Multiple constraint types applied to the driver. Please check for potential conflicts.


4. Local Clock Details
----------------------

+-------+-----------------+------------+----------+--------------+-------------+-----------------+--------------+-------+------------+-----+
| LocId | Driver Type/Pin | Constraint | Site/BEL | Clock Region | Clock Loads | Non-Clock Loads | Clock Period | Clock | Driver Pin | Net |
+-------+-----------------+------------+----------+--------------+-------------+-----------------+--------------+-------+------------+-----+
* Note: Multiple constraint types applied to the driver. Please check for potential conflicts.


5. Clock Regions: Key Resource Utilization
------------------------------------------

+-------------------+--------------+--------------+--------------+--------------+--------------+--------------+--------------+--------------+--------------+--------------+--------------+--------------+--------------+--------------+--------------+
|                   | Global Clock |     BUFRs    |    BUFMRs    |    BUFIOs    |     MMCM     |      PLL     |      GT      |      PCI     |    ILOGIC    |    OLOGIC    |      FF      |     LUTM     |    RAMB18    |    RAMB36    |    DSP48E2   |
+-------------------+------+-------+------+-------+------+-------+------+-------+------+-------+------+-------+------+-------+------+-------+------+-------+------+-------+------+-------+------+-------+------+-------+------+-------+------+-------+
| Clock Region Name | Used | Avail | Used | Avail | Used | Avail | Used | Avail | Used | Avail | Used | Avail | Used | Avail | Used | Avail | Used | Avail | Used | Avail | Used | Avail | Used | Avail | Used | Avail | Used | Avail | Used | Avail |
+-------------------+------+-------+------+-------+------+-------+------+-------+------+-------+------+-------+------+-------+------+-------+------+-------+------+-------+------+-------+------+-------+------+-------+------+-------+------+-------+
| X0Y0              |    6 |    12 |    0 |     4 |    0 |     2 |    0 |     4 |    0 |     1 |    0 |     1 |    0 |     0 |    0 |     0 |    0 |    50 |    0 |    50 |  597 | 32000 |   14 |  4600 |    0 |     0 |    7 |    30 |    0 |    60 |
| X1Y0              |    2 |    12 |    0 |     4 |    0 |     2 |    0 |     4 |    0 |     1 |    0 |     1 |    0 |     0 |    0 |     0 |    0 |    50 |    0 |    50 |   51 | 29600 |    1 |  4800 |    0 |     0 |    0 |    40 |    0 |    60 |
| X0Y1              |    4 |    12 |    0 |     4 |    0 |     2 |    0 |     4 |    0 |     1 |    0 |     1 |    0 |     0 |    0 |     0 |    0 |    50 |    0 |    50 |  559 | 32000 |    3 |  4600 |    0 |     0 |    0 |    30 |    0 |    60 |
| X1Y1              |    1 |    12 |    0 |     4 |    0 |     2 |    0 |     4 |    0 |     1 |    0 |     1 |    0 |     0 |    0 |     0 |    0 |    50 |    0 |    50 |   32 | 29600 |    1 |  4800 |    0 |     0 |    0 |    40 |    0 |    60 |
| X0Y2              |    0 |    12 |    0 |     4 |    0 |     2 |    0 |     4 |    0 |     1 |    0 |     1 |    0 |     0 |    0 |     0 |    0 |    50 |    0 |    50 |    0 | 27200 |    0 |  4600 |    0 |     0 |    0 |    30 |    0 |    60 |
| X1Y2              |    0 |    12 |    0 |     4 |    0 |     2 |    0 |     4 |    0 |     1 |    0 |     1 |    0 |     0 |    0 |     0 |    0 |    50 |    0 |    50 |    0 | 29600 |    0 |  4800 |    0 |     0 |    0 |    40 |    0 |    60 |
| X0Y3              |    0 |    12 |    0 |     4 |    0 |     2 |    0 |     4 |    0 |     1 |    0 |     1 |    0 |     0 |    0 |     0 |    0 |    50 |    0 |    50 |    0 | 27200 |    0 |  4600 |    0 |     0 |    0 |    30 |    0 |    60 |
| X1Y3              |    2 |    12 |    0 |     0 |    0 |     0 |    0 |     0 |    0 |     0 |    0 |     0 |    0 |     5 |    0 |     0 |    0 |     0 |    0 |     0 |    2 | 25200 |    0 |  4200 |    0 |     0 |    0 |    25 |    0 |    60 |
| X0Y4              |    0 |    12 |    0 |     4 |    0 |     2 |    0 |     4 |    0 |     1 |    0 |     1 |    0 |     0 |    0 |     0 |    0 |    50 |    0 |    50 |    0 | 32000 |    0 |  4600 |    0 |     0 |    0 |    30 |    0 |    60 |
| X1Y4              |    0 |    12 |    0 |     0 |    0 |     0 |    0 |     0 |    0 |     0 |    0 |     0 |    0 |     5 |    0 |     0 |    0 |     0 |    0 |     0 |    0 | 26400 |    0 |  4400 |    0 |     0 |    0 |    30 |    0 |    60 |
| X0Y5              |    0 |    12 |    0 |     4 |    0 |     2 |    0 |     4 |    0 |     1 |    0 |     1 |    0 |     0 |    0 |     0 |    0 |    50 |    0 |    50 |    0 | 32000 |    0 |  4600 |    0 |     0 |    0 |    30 |    0 |    60 |
| X1Y5              |    0 |    12 |    0 |     0 |    0 |     0 |    0 |     0 |    0 |     0 |    0 |     0 |    0 |     5 |    0 |     0 |    0 |     0 |    0 |     0 |    0 | 26400 |    0 |  4400 |    0 |     0 |    0 |    30 |    0 |    60 |
| X0Y6              |    0 |    12 |    0 |     4 |    0 |     2 |    0 |     4 |    0 |     1 |    0 |     1 |    0 |     0 |    0 |     0 |    0 |    50 |    0 |    50 |    0 | 32000 |    0 |  4600 |    0 |     0 |    0 |    30 |    0 |    60 |
| X1Y6              |    0 |    12 |    0 |     0 |    0 |     0 |    0 |     0 |    0 |     0 |    0 |     0 |    0 |     5 |    0 |     0 |    0 |     0 |    0 |     0 |    0 | 26400 |    0 |  4400 |    0 |     0 |    0 |    30 |    0 |    60 |
+-------------------+------+-------+------+-------+------+-------+------+-------+------+-------+------+-------+------+-------+------+-------+------+-------+------+-------+------+-------+------+-------+------+-------+------+-------+------+-------+
* Used Global Clocks includes only global clock resources based on load placement but does not consider global clock resources used to traverse a clock region. Therefore the actual total of Used Global Clocks may be higher.
** RAMB36 site can be used as two RAMB18/FIFO18 sites.


6. Clock Regions : Global Clock Summary
---------------------------------------

+----+----+----+
|    | X0 | X1 |
+----+----+----+
| Y6 |  0 |  0 |
| Y5 |  0 |  0 |
| Y4 |  0 |  0 |
| Y3 |  0 |  2 |
| Y2 |  0 |  0 |
| Y1 |  4 |  1 |
| Y0 |  6 |  2 |
+----+----+----+
* Used Global Clocks includes only global clock resources based on load placement but does not consider global clock resources used to traverse a clock region. Therefore the actual total of Used Global Clocks may be higher.


7. Cell Type Counts per Global Clock: Region X0Y0
-------------------------------------------------

+-------+-------+-----------------+------------+-------------+-----------------+-----+--------+------+-----+----+------+-----+---------+--------------------------+
| GlbID | Track | Driver Type/Pin | Constraint | Clock Loads | Non-Clock Loads | FF  | LUTRAM | RAMB | DSP | GT | MMCM | PLL | Hard IP | Net                      |
+-------+-------+-----------------+------------+-------------+-----------------+-----+--------+------+-----+----+------+-----+---------+--------------------------+
| g0    | n/a   | BUFG/O          | None       |           0 |             377 | 377 |      3 |    0 |   0 |  0 |    0 |   0 |       0 | Clk_CPU_BUFG             |
| g1    | n/a   | BUFG/O          | None       |           0 |              33 |  26 |      2 |    7 |   0 |  0 |    0 |   0 |       0 | clk_100mhz_BUFG          |
| g2    | n/a   | BUFG/O          | None       |           0 |              82 |  82 |      5 |    0 |   0 |  0 |    0 |   0 |       0 | IO_clk_BUFG              |
| g3    | n/a   | BUFG/O          | None       |           0 |              49 |  49 |      1 |    0 |   0 |  0 |    0 |   0 |       0 | U6/M2/sclk               |
| g4    | n/a   | BUFG/O          | None       |           0 |              30 |  30 |      4 |    0 |   0 |  0 |    0 |   0 |       0 | fifo_reg_0_7_0_5_i_1_n_0 |
| g6    | n/a   | BUFG/O          | None       |           0 |              34 |  34 |      0 |    0 |   0 |  0 |    0 |   0 |       0 | counter0_reg[0]_i_3_n_0  |
+-------+-------+-----------------+------------+-------------+-----------------+-----+--------+------+-----+----+------+-----+---------+--------------------------+
* Note: Multiple constraint types applied to the driver. Please check for potential conflicts.


8. Cell Type Counts per Global Clock: Region X1Y0
-------------------------------------------------

+-------+-------+-----------------+------------+-------------+-----------------+----+--------+------+-----+----+------+-----+---------+-----------------+
| GlbID | Track | Driver Type/Pin | Constraint | Clock Loads | Non-Clock Loads | FF | LUTRAM | RAMB | DSP | GT | MMCM | PLL | Hard IP | Net             |
+-------+-------+-----------------+------------+-------------+-----------------+----+--------+------+-----+----+------+-----+---------+-----------------+
| g1    | n/a   | BUFG/O          | None       |           0 |              20 | 20 |      1 |    0 |   0 |  0 |    0 |   0 |       0 | clk_100mhz_BUFG |
| g5    | n/a   | BUFG/O          | None       |           0 |              32 | 32 |      1 |    0 |   0 |  0 |    0 |   0 |       0 | U9/clk1_BUFG    |
+-------+-------+-----------------+------------+-------------+-----------------+----+--------+------+-----+----+------+-----+---------+-----------------+
* Note: Multiple constraint types applied to the driver. Please check for potential conflicts.


9. Cell Type Counts per Global Clock: Region X0Y1
-------------------------------------------------

+-------+-------+-----------------+------------+-------------+-----------------+-----+--------+------+-----+----+------+-----+---------+-----------------+
| GlbID | Track | Driver Type/Pin | Constraint | Clock Loads | Non-Clock Loads | FF  | LUTRAM | RAMB | DSP | GT | MMCM | PLL | Hard IP | Net             |
+-------+-------+-----------------+------------+-------------+-----------------+-----+--------+------+-----+----+------+-----+---------+-----------------+
| g0    | n/a   | BUFG/O          | None       |           0 |             557 | 557 |      1 |    0 |   0 |  0 |    0 |   0 |       0 | Clk_CPU_BUFG    |
| g1    | n/a   | BUFG/O          | None       |           0 |               1 |   1 |      1 |    0 |   0 |  0 |    0 |   0 |       0 | clk_100mhz_BUFG |
| g2    | n/a   | BUFG/O          | None       |           0 |               1 |   1 |      1 |    0 |   0 |  0 |    0 |   0 |       0 | IO_clk_BUFG     |
| g3    | n/a   | BUFG/O          | None       |           0 |               1 |   0 |      0 |    0 |   0 |  0 |    0 |   0 |       0 | U6/M2/sclk      |
+-------+-------+-----------------+------------+-------------+-----------------+-----+--------+------+-----+----+------+-----+---------+-----------------+
* Note: Multiple constraint types applied to the driver. Please check for potential conflicts.


10. Cell Type Counts per Global Clock: Region X1Y1
--------------------------------------------------

+-------+-------+-----------------+------------+-------------+-----------------+----+--------+------+-----+----+------+-----+---------+-----------------+
| GlbID | Track | Driver Type/Pin | Constraint | Clock Loads | Non-Clock Loads | FF | LUTRAM | RAMB | DSP | GT | MMCM | PLL | Hard IP | Net             |
+-------+-------+-----------------+------------+-------------+-----------------+----+--------+------+-----+----+------+-----+---------+-----------------+
| g1    | n/a   | BUFG/O          | None       |           0 |              32 | 32 |      1 |    0 |   0 |  0 |    0 |   0 |       0 | clk_100mhz_BUFG |
+-------+-------+-----------------+------------+-------------+-----------------+----+--------+------+-----+----+------+-----+---------+-----------------+
* Note: Multiple constraint types applied to the driver. Please check for potential conflicts.


11. Cell Type Counts per Global Clock: Region X1Y3
--------------------------------------------------

+-------+-------+-----------------+------------+-------------+-----------------+----+--------+------+-----+----+------+-----+---------+-----------------+
| GlbID | Track | Driver Type/Pin | Constraint | Clock Loads | Non-Clock Loads | FF | LUTRAM | RAMB | DSP | GT | MMCM | PLL | Hard IP | Net             |
+-------+-------+-----------------+------------+-------------+-----------------+----+--------+------+-----+----+------+-----+---------+-----------------+
| g1    | n/a   | BUFG/O          | None       |           0 |               1 |  1 |      0 |    0 |   0 |  0 |    0 |   0 |       0 | clk_100mhz_BUFG |
| g7    | n/a   | BUFG/O          | None       |           0 |               1 |  1 |      0 |    0 |   0 |  0 |    0 |   0 |       0 | clk_200mhz_BUFG |
+-------+-------+-----------------+------------+-------------+-----------------+----+--------+------+-----+----+------+-----+---------+-----------------+
* Note: Multiple constraint types applied to the driver. Please check for potential conflicts.


12. Load Cell Placement Summary for Global Clock g0
---------------------------------------------------

+-------+-----------------+-------------------+-------+-------------+---------------+----------+-------------+----------+-------------+----+--------------+
| GlbID | Driver Type/Pin | Driver Region (D) | Clock | Period (ns) | Waveform (ns) | Root (R) | Slice Loads | IO Loads | Clock Loads | GT | Net          |
+-------+-----------------+-------------------+-------+-------------+---------------+----------+-------------+----------+-------------+----+--------------+
| g0    | BUFG/O          | n/a               |       |             |               |          |         934 |        0 |           0 |  0 | Clk_CPU_BUFG |
+-------+-----------------+-------------------+-------+-------------+---------------+----------+-------------+----------+-------------+----+--------------+


+----+------+----+
|    | X0   | X1 |
+----+------+----+
| Y6 |    0 |  0 |
| Y5 |    0 |  0 |
| Y4 |    0 |  0 |
| Y3 |    0 |  0 |
| Y2 |    0 |  0 |
| Y1 |  557 |  0 |
| Y0 |  377 |  0 |
+----+------+----+


13. Load Cell Placement Summary for Global Clock g1
---------------------------------------------------

+-------+-----------------+-------------------+-------+-------------+---------------+----------+-------------+----------+-------------+----+-----------------+
| GlbID | Driver Type/Pin | Driver Region (D) | Clock | Period (ns) | Waveform (ns) | Root (R) | Slice Loads | IO Loads | Clock Loads | GT | Net             |
+-------+-----------------+-------------------+-------+-------------+---------------+----------+-------------+----------+-------------+----+-----------------+
| g1    | BUFG/O          | n/a               |       |             |               |          |          87 |        0 |           0 |  0 | clk_100mhz_BUFG |
+-------+-----------------+-------------------+-------+-------------+---------------+----------+-------------+----------+-------------+----+-----------------+


+----+-----+-----+
|    | X0  | X1  |
+----+-----+-----+
| Y6 |   0 |   0 |
| Y5 |   0 |   0 |
| Y4 |   0 |   0 |
| Y3 |   0 |   1 |
| Y2 |   0 |   0 |
| Y1 |   1 |  32 |
| Y0 |  33 |  20 |
+----+-----+-----+


14. Load Cell Placement Summary for Global Clock g2
---------------------------------------------------

+-------+-----------------+-------------------+-------+-------------+---------------+----------+-------------+----------+-------------+----+-------------+
| GlbID | Driver Type/Pin | Driver Region (D) | Clock | Period (ns) | Waveform (ns) | Root (R) | Slice Loads | IO Loads | Clock Loads | GT | Net         |
+-------+-----------------+-------------------+-------+-------------+---------------+----------+-------------+----------+-------------+----+-------------+
| g2    | BUFG/O          | n/a               |       |             |               |          |          83 |        0 |           0 |  0 | IO_clk_BUFG |
+-------+-----------------+-------------------+-------+-------------+---------------+----------+-------------+----------+-------------+----+-------------+


+----+-----+----+
|    | X0  | X1 |
+----+-----+----+
| Y6 |   0 |  0 |
| Y5 |   0 |  0 |
| Y4 |   0 |  0 |
| Y3 |   0 |  0 |
| Y2 |   0 |  0 |
| Y1 |   1 |  0 |
| Y0 |  82 |  0 |
+----+-----+----+


15. Load Cell Placement Summary for Global Clock g3
---------------------------------------------------

+-------+-----------------+-------------------+-------+-------------+---------------+----------+-------------+----------+-------------+----+------------+
| GlbID | Driver Type/Pin | Driver Region (D) | Clock | Period (ns) | Waveform (ns) | Root (R) | Slice Loads | IO Loads | Clock Loads | GT | Net        |
+-------+-----------------+-------------------+-------+-------------+---------------+----------+-------------+----------+-------------+----+------------+
| g3    | BUFG/O          | n/a               |       |             |               |          |          49 |        1 |           0 |  0 | U6/M2/sclk |
+-------+-----------------+-------------------+-------+-------------+---------------+----------+-------------+----------+-------------+----+------------+


+----+-----+----+
|    | X0  | X1 |
+----+-----+----+
| Y6 |   0 |  0 |
| Y5 |   0 |  0 |
| Y4 |   0 |  0 |
| Y3 |   0 |  0 |
| Y2 |   0 |  0 |
| Y1 |   1 |  0 |
| Y0 |  49 |  0 |
+----+-----+----+


16. Load Cell Placement Summary for Global Clock g4
---------------------------------------------------

+-------+-----------------+-------------------+-------+-------------+---------------+----------+-------------+----------+-------------+----+--------------------------+
| GlbID | Driver Type/Pin | Driver Region (D) | Clock | Period (ns) | Waveform (ns) | Root (R) | Slice Loads | IO Loads | Clock Loads | GT | Net                      |
+-------+-----------------+-------------------+-------+-------------+---------------+----------+-------------+----------+-------------+----+--------------------------+
| g4    | BUFG/O          | n/a               |       |             |               |          |          30 |        0 |           0 |  0 | fifo_reg_0_7_0_5_i_1_n_0 |
+-------+-----------------+-------------------+-------+-------------+---------------+----------+-------------+----------+-------------+----+--------------------------+


+----+-----+----+
|    | X0  | X1 |
+----+-----+----+
| Y6 |   0 |  0 |
| Y5 |   0 |  0 |
| Y4 |   0 |  0 |
| Y3 |   0 |  0 |
| Y2 |   0 |  0 |
| Y1 |   0 |  0 |
| Y0 |  30 |  0 |
+----+-----+----+


17. Load Cell Placement Summary for Global Clock g5
---------------------------------------------------

+-------+-----------------+-------------------+-------+-------------+---------------+----------+-------------+----------+-------------+----+--------------+
| GlbID | Driver Type/Pin | Driver Region (D) | Clock | Period (ns) | Waveform (ns) | Root (R) | Slice Loads | IO Loads | Clock Loads | GT | Net          |
+-------+-----------------+-------------------+-------+-------------+---------------+----------+-------------+----------+-------------+----+--------------+
| g5    | BUFG/O          | n/a               |       |             |               |          |          32 |        0 |           0 |  0 | U9/clk1_BUFG |
+-------+-----------------+-------------------+-------+-------------+---------------+----------+-------------+----------+-------------+----+--------------+


+----+----+-----+
|    | X0 | X1  |
+----+----+-----+
| Y6 |  0 |   0 |
| Y5 |  0 |   0 |
| Y4 |  0 |   0 |
| Y3 |  0 |   0 |
| Y2 |  0 |   0 |
| Y1 |  0 |   0 |
| Y0 |  0 |  32 |
+----+----+-----+


18. Load Cell Placement Summary for Global Clock g6
---------------------------------------------------

+-------+-----------------+-------------------+-------+-------------+---------------+----------+-------------+----------+-------------+----+-------------------------+
| GlbID | Driver Type/Pin | Driver Region (D) | Clock | Period (ns) | Waveform (ns) | Root (R) | Slice Loads | IO Loads | Clock Loads | GT | Net                     |
+-------+-----------------+-------------------+-------+-------------+---------------+----------+-------------+----------+-------------+----+-------------------------+
| g6    | BUFG/O          | n/a               |       |             |               |          |          34 |        0 |           0 |  0 | counter0_reg[0]_i_3_n_0 |
+-------+-----------------+-------------------+-------+-------------+---------------+----------+-------------+----------+-------------+----+-------------------------+


+----+-----+----+
|    | X0  | X1 |
+----+-----+----+
| Y6 |   0 |  0 |
| Y5 |   0 |  0 |
| Y4 |   0 |  0 |
| Y3 |   0 |  0 |
| Y2 |   0 |  0 |
| Y1 |   0 |  0 |
| Y0 |  34 |  0 |
+----+-----+----+


19. Load Cell Placement Summary for Global Clock g7
---------------------------------------------------

+-------+-----------------+-------------------+-------+-------------+---------------+----------+-------------+----------+-------------+----+-----------------+
| GlbID | Driver Type/Pin | Driver Region (D) | Clock | Period (ns) | Waveform (ns) | Root (R) | Slice Loads | IO Loads | Clock Loads | GT | Net             |
+-------+-----------------+-------------------+-------+-------------+---------------+----------+-------------+----------+-------------+----+-----------------+
| g7    | BUFG/O          | n/a               |       |             |               |          |           1 |        0 |           0 |  0 | clk_200mhz_BUFG |
+-------+-----------------+-------------------+-------+-------------+---------------+----------+-------------+----------+-------------+----+-----------------+


+----+----+----+
|    | X0 | X1 |
+----+----+----+
| Y6 |  0 |  0 |
| Y5 |  0 |  0 |
| Y4 |  0 |  0 |
| Y3 |  0 |  1 |
| Y2 |  0 |  0 |
| Y1 |  0 |  0 |
| Y0 |  0 |  0 |
+----+----+----+



# Location of BUFG Primitives 
set_property LOC BUFGCTRL_X0Y4 [get_cells fifo_reg_0_7_0_5_i_1]
set_property LOC BUFGCTRL_X0Y6 [get_cells counter0_reg[0]_i_3]
set_property LOC BUFGCTRL_X0Y7 [get_cells clk_200mhz_BUFG_inst]
set_property LOC BUFGCTRL_X0Y2 [get_cells clk_100mhz_BUFG_inst]
set_property LOC BUFGCTRL_X0Y5 [get_cells U9/clk1_BUFG]
set_property LOC BUFGCTRL_X0Y0 [get_cells U6/M2/sh_clk_BUFG]
set_property LOC BUFGCTRL_X0Y3 [get_cells IO_clk_BUFG_inst]
set_property LOC BUFGCTRL_X0Y1 [get_cells Clk_CPU_BUFG_inst]

# Location of IO Primitives which is load of clock spine
set_property LOC IOB_X0Y84 [get_cells SEGCLK_OBUF_inst]

# Location of clock ports
set_property LOC IOB_X1Y23 [get_ports clk200N]
set_property LOC IOB_X1Y24 [get_ports clk200P]

# Clock net "fifo_reg_0_7_0_5_i_1_n_0" driven by instance "fifo_reg_0_7_0_5_i_1" located at site "BUFGCTRL_X0Y4"
#startgroup
create_pblock {CLKAG_fifo_reg_0_7_0_5_i_1_n_0}
add_cells_to_pblock [get_pblocks  {CLKAG_fifo_reg_0_7_0_5_i_1_n_0}] [get_cells -filter { PRIMITIVE_GROUP != I/O && IS_PRIMITIVE==1 && PRIMITIVE_LEVEL !=INTERNAL } -of_object [get_pins -filter {DIRECTION==IN} -of_objects [get_nets -hierarchical -filter {PARENT=="fifo_reg_0_7_0_5_i_1_n_0"}]]]
resize_pblock [get_pblocks {CLKAG_fifo_reg_0_7_0_5_i_1_n_0}] -add {CLOCKREGION_X0Y0:CLOCKREGION_X0Y0}
#endgroup

# Clock net "counter0_reg[0]_i_3_n_0" driven by instance "counter0_reg[0]_i_3" located at site "BUFGCTRL_X0Y6"
#startgroup
create_pblock {CLKAG_counter0_reg[0]_i_3_n_0}
add_cells_to_pblock [get_pblocks  {CLKAG_counter0_reg[0]_i_3_n_0}] [get_cells -filter { PRIMITIVE_GROUP != I/O && IS_PRIMITIVE==1 && PRIMITIVE_LEVEL !=INTERNAL } -of_object [get_pins -filter {DIRECTION==IN} -of_objects [get_nets -hierarchical -filter {PARENT=="counter0_reg[0]_i_3_n_0"}]]]
resize_pblock [get_pblocks {CLKAG_counter0_reg[0]_i_3_n_0}] -add {CLOCKREGION_X0Y0:CLOCKREGION_X0Y0}
#endgroup

# Clock net "clk_200mhz_BUFG" driven by instance "clk_200mhz_BUFG_inst" located at site "BUFGCTRL_X0Y7"
#startgroup
create_pblock {CLKAG_clk_200mhz_BUFG}
add_cells_to_pblock [get_pblocks  {CLKAG_clk_200mhz_BUFG}] [get_cells -filter { PRIMITIVE_GROUP != I/O && IS_PRIMITIVE==1 && PRIMITIVE_LEVEL !=INTERNAL } -of_object [get_pins -filter {DIRECTION==IN} -of_objects [get_nets -hierarchical -filter {PARENT=="clk_200mhz_BUFG"}]]]
resize_pblock [get_pblocks {CLKAG_clk_200mhz_BUFG}] -add {CLOCKREGION_X1Y3:CLOCKREGION_X1Y3}
#endgroup

# Clock net "clk_100mhz_BUFG" driven by instance "clk_100mhz_BUFG_inst" located at site "BUFGCTRL_X0Y2"
#startgroup
create_pblock {CLKAG_clk_100mhz_BUFG}
add_cells_to_pblock [get_pblocks  {CLKAG_clk_100mhz_BUFG}] [get_cells -filter { PRIMITIVE_GROUP != I/O && IS_PRIMITIVE==1 && PRIMITIVE_LEVEL !=INTERNAL } -of_object [get_pins -filter {DIRECTION==IN} -of_objects [get_nets -hierarchical -filter {PARENT=="clk_100mhz_BUFG"}]]]
resize_pblock [get_pblocks {CLKAG_clk_100mhz_BUFG}] -add {CLOCKREGION_X0Y0:CLOCKREGION_X0Y0 CLOCKREGION_X1Y0:CLOCKREGION_X1Y0 CLOCKREGION_X1Y1:CLOCKREGION_X1Y1 CLOCKREGION_X1Y3:CLOCKREGION_X1Y3}
#endgroup

# Clock net "U9/clk1_BUFG" driven by instance "U9/clk1_BUFG" located at site "BUFGCTRL_X0Y5"
#startgroup
create_pblock {CLKAG_U9/clk1_BUFG}
add_cells_to_pblock [get_pblocks  {CLKAG_U9/clk1_BUFG}] [get_cells -filter { PRIMITIVE_GROUP != I/O && IS_PRIMITIVE==1 && PRIMITIVE_LEVEL !=INTERNAL } -of_object [get_pins -filter {DIRECTION==IN} -of_objects [get_nets -hierarchical -filter {PARENT=="U9/clk1_BUFG"}]]]
resize_pblock [get_pblocks {CLKAG_U9/clk1_BUFG}] -add {CLOCKREGION_X1Y0:CLOCKREGION_X1Y0}
#endgroup

# Clock net "U6/M2/sclk" driven by instance "U6/M2/sh_clk_BUFG" located at site "BUFGCTRL_X0Y0"
#startgroup
create_pblock {CLKAG_U6/M2/sclk}
add_cells_to_pblock [get_pblocks  {CLKAG_U6/M2/sclk}] [get_cells -filter { PRIMITIVE_GROUP != I/O && IS_PRIMITIVE==1 && PRIMITIVE_LEVEL !=INTERNAL && NAME!=SEGCLK_OBUF_inst} -of_object [get_pins -filter {DIRECTION==IN} -of_objects [get_nets -hierarchical -filter {PARENT=="U6/M2/sclk"}]]]
resize_pblock [get_pblocks {CLKAG_U6/M2/sclk}] -add {CLOCKREGION_X0Y0:CLOCKREGION_X0Y0}
#endgroup

# Clock net "IO_clk_BUFG" driven by instance "IO_clk_BUFG_inst" located at site "BUFGCTRL_X0Y3"
#startgroup
create_pblock {CLKAG_IO_clk_BUFG}
add_cells_to_pblock [get_pblocks  {CLKAG_IO_clk_BUFG}] [get_cells -filter { PRIMITIVE_GROUP != I/O && IS_PRIMITIVE==1 && PRIMITIVE_LEVEL !=INTERNAL } -of_object [get_pins -filter {DIRECTION==IN} -of_objects [get_nets -hierarchical -filter {PARENT=="IO_clk_BUFG"}]]]
resize_pblock [get_pblocks {CLKAG_IO_clk_BUFG}] -add {CLOCKREGION_X0Y0:CLOCKREGION_X0Y0}
#endgroup

# Clock net "Clk_CPU_BUFG" driven by instance "Clk_CPU_BUFG_inst" located at site "BUFGCTRL_X0Y1"
#startgroup
create_pblock {CLKAG_Clk_CPU_BUFG}
add_cells_to_pblock [get_pblocks  {CLKAG_Clk_CPU_BUFG}] [get_cells -filter { PRIMITIVE_GROUP != I/O && IS_PRIMITIVE==1 && PRIMITIVE_LEVEL !=INTERNAL } -of_object [get_pins -filter {DIRECTION==IN} -of_objects [get_nets -hierarchical -filter {PARENT=="Clk_CPU_BUFG"}]]]
resize_pblock [get_pblocks {CLKAG_Clk_CPU_BUFG}] -add {CLOCKREGION_X0Y0:CLOCKREGION_X0Y0 CLOCKREGION_X0Y1:CLOCKREGION_X0Y1}
#endgroup
